// Vitest Snapshot v1, https://vitest.dev/guide/snapshot.html

exports[`check song mappings 1`] = `
{
  initialised: true,
  kits: [
    {
      newName: 000 TR-808,
      oldName: KIT000,
      path: KITS,
      presetName: KIT000,
      presetType: KIT,
      prettyName: 000 Kit,
      rewriteName: ,
      rootPath: <PROJECT_DIRECTORY>/fake_filesystem/FAKE_SD_CARD,
    },
    {
      newName: 001 DDD-1,
      oldName: KIT001,
      path: KITS,
      presetName: KIT001,
      presetType: KIT,
      prettyName: 001 Kit,
      rewriteName: ,
      rootPath: <PROJECT_DIRECTORY>/fake_filesystem/FAKE_SD_CARD,
    },
    {
      newName: undefined 3,
      oldName: KIT171B,
      path: KITS,
      presetName: KIT171B,
      presetType: KIT,
      prettyName: 171 Kit B,
      rewriteName: ,
      rootPath: <PROJECT_DIRECTORY>/fake_filesystem/FAKE_SD_CARD,
    },
    {
      newName: ,
      oldName: KIT172,
      path: KITS,
      presetName: KIT172,
      presetType: KIT,
      prettyName: 172 Kit,
      rewriteName: ,
      rootPath: <PROJECT_DIRECTORY>/fake_filesystem/FAKE_SD_CARD,
    },
    {
      newName: undefined 3,
      oldName: KIT272B,
      path: KITS,
      presetName: KIT272B,
      presetType: KIT,
      prettyName: 272 Kit B,
      rewriteName: ,
      rootPath: <PROJECT_DIRECTORY>/fake_filesystem/FAKE_SD_CARD,
    },
  ],
  songs: [
    {
      clipsLength: 6,
      firmwareVersion: [
        0,
        0,
        0,
      ],
      instruments: [
        {
          formatType: old,
          patchName: KIT000,
          presetFolder: null,
          presetName: null,
          presetSlot: 0,
          presetSubSlot: -1,
          rewriteFolder: ,
          rewriteName: ,
          type: kit,
          usedInClips: [
            0,
          ],
        },
        {
          formatType: old,
          patchName: SYNT000,
          presetFolder: null,
          presetName: null,
          presetSlot: 0,
          presetSubSlot: -1,
          rewriteFolder: ,
          rewriteName: ,
          type: sound,
          usedInClips: [
            1,
          ],
        },
        {
          formatType: old,
          patchName: KIT171B,
          presetFolder: null,
          presetName: null,
          presetSlot: 171,
          presetSubSlot: 1,
          rewriteFolder: ,
          rewriteName: ,
          type: kit,
          usedInClips: [
            2,
          ],
        },
        {
          formatType: old,
          patchName: SYNT171B,
          presetFolder: null,
          presetName: null,
          presetSlot: 171,
          presetSubSlot: 1,
          rewriteFolder: ,
          rewriteName: ,
          type: sound,
          usedInClips: [
            3,
          ],
        },
        {
          formatType: old,
          patchName: KIT271,
          presetFolder: null,
          presetName: null,
          presetSlot: 271,
          presetSubSlot: -1,
          rewriteFolder: ,
          rewriteName: ,
          type: kit,
          usedInClips: [
            4,
          ],
        },
        {
          formatType: old,
          patchName: SYNT271,
          presetFolder: null,
          presetName: null,
          presetSlot: 271,
          presetSubSlot: -1,
          rewriteFolder: ,
          rewriteName: ,
          type: sound,
          usedInClips: [
            5,
          ],
        },
      ],
      name: V3_OLD,
      path: SONGS,
    },
    {
      clipsLength: 8,
      firmwareVersion: [
        0,
        0,
        0,
      ],
      instruments: [
        {
          formatType: new,
          patchName: ,
          presetFolder: KITS,
          presetName: KIT001,
          presetSlot: null,
          presetSubSlot: null,
          rewriteFolder: ,
          rewriteName: ,
          type: kit,
          usedInClips: [
            0,
          ],
        },
        {
          formatType: new,
          patchName: ,
          presetFolder: SYNTHS,
          presetName: SYNT001,
          presetSlot: null,
          presetSubSlot: null,
          rewriteFolder: ,
          rewriteName: ,
          type: sound,
          usedInClips: [
            1,
          ],
        },
        {
          formatType: new,
          patchName: ,
          presetFolder: KITS,
          presetName: KIT172,
          presetSlot: null,
          presetSubSlot: null,
          rewriteFolder: ,
          rewriteName: ,
          type: kit,
          usedInClips: [
            2,
          ],
        },
        {
          formatType: new,
          patchName: ,
          presetFolder: SYNTHS,
          presetName: SYNT172,
          presetSlot: null,
          presetSubSlot: null,
          rewriteFolder: ,
          rewriteName: ,
          type: sound,
          usedInClips: [
            3,
          ],
        },
        {
          formatType: new,
          patchName: ,
          presetFolder: KITS,
          presetName: KIT173,
          presetSlot: null,
          presetSubSlot: null,
          rewriteFolder: ,
          rewriteName: ,
          type: kit,
          usedInClips: [
            4,
          ],
        },
        {
          formatType: new,
          patchName: ,
          presetFolder: SYNTHS,
          presetName: SYNT173,
          presetSlot: null,
          presetSubSlot: null,
          rewriteFolder: ,
          rewriteName: ,
          type: sound,
          usedInClips: [
            5,
          ],
        },
        {
          formatType: newsuffix,
          patchName: ,
          presetFolder: KITS,
          presetName: KIT272B,
          presetSlot: null,
          presetSubSlot: null,
          rewriteFolder: ,
          rewriteName: ,
          type: kit,
          usedInClips: [
            6,
          ],
        },
        {
          formatType: newsuffix,
          patchName: ,
          presetFolder: SYNTHS,
          presetName: SYNT272B,
          presetSlot: null,
          presetSubSlot: null,
          rewriteFolder: ,
          rewriteName: ,
          type: sound,
          usedInClips: [
            7,
          ],
        },
      ],
      name: V4_OLDNAMES,
      path: SONGS,
    },
  ],
  synths: [
    {
      newName: 000 Rich Saw Bass,
      oldName: SYNT000,
      path: SYNTHS,
      presetName: SYNT000,
      presetType: SYNT,
      prettyName: 000 Synth,
      rewriteName: ,
      rootPath: <PROJECT_DIRECTORY>/fake_filesystem/FAKE_SD_CARD,
    },
    {
      newName: 001 Sync Bass,
      oldName: SYNT001,
      path: SYNTHS,
      presetName: SYNT001,
      presetType: SYNT,
      prettyName: 001 Synth,
      rewriteName: ,
      rootPath: <PROJECT_DIRECTORY>/fake_filesystem/FAKE_SD_CARD,
    },
    {
      newName: undefined 3,
      oldName: SYNT171B,
      path: SYNTHS,
      presetName: SYNT171B,
      presetType: SYNT,
      prettyName: 171 Synth B,
      rewriteName: ,
      rootPath: <PROJECT_DIRECTORY>/fake_filesystem/FAKE_SD_CARD,
    },
    {
      newName: ,
      oldName: SYNT172,
      path: SYNTHS,
      presetName: SYNT172,
      presetType: SYNT,
      prettyName: 172 Synth,
      rewriteName: ,
      rootPath: <PROJECT_DIRECTORY>/fake_filesystem/FAKE_SD_CARD,
    },
    {
      newName: undefined 3,
      oldName: SYNT272B,
      path: SYNTHS,
      presetName: SYNT272B,
      presetType: SYNT,
      prettyName: 272 Synth B,
      rewriteName: ,
      rootPath: <PROJECT_DIRECTORY>/fake_filesystem/FAKE_SD_CARD,
    },
  ],
}
`;
