// Vitest Snapshot v1, https://vitest.dev/guide/snapshot.html

exports[`check song api mappings 1`] = `
{
  initialised: true,
  kits: [
    {
      id: 0,
      newName: 000 TR-808,
      oldName: KIT000,
      path: KITS,
      presetName: KIT000,
      presetType: KIT,
      prettyName: 000 Kit,
      rewriteName: ,
      rootPath: <PROJECT_DIRECTORY>/fake_filesystem/FAKE_SD_CARD,
      songIDs: [
        6,
      ],
    },
    {
      id: 1,
      newName: 000 TR-808 'copy',
      oldName: KIT000 'copy',
      path: KITS,
      presetName: KIT000 'copy',
      presetType: KIT,
      prettyName: 000 Kit 'copy',
      rewriteName: ,
      rootPath: <PROJECT_DIRECTORY>/fake_filesystem/FAKE_SD_CARD,
      songIDs: [
        0,
        4,
      ],
    },
    {
      id: 2,
      newName: 001 DDD-1,
      oldName: KIT001,
      path: KITS,
      presetName: KIT001,
      presetType: KIT,
      prettyName: 001 Kit,
      rewriteName: ,
      rootPath: <PROJECT_DIRECTORY>/fake_filesystem/FAKE_SD_CARD,
      songIDs: [
        2,
        5,
      ],
    },
    {
      id: 3,
      newName: 001 DDD-1 2,
      oldName: KIT001 2,
      path: KITS,
      presetName: KIT001 2,
      presetType: KIT,
      prettyName: 001 Kit 2,
      rewriteName: ,
      rootPath: <PROJECT_DIRECTORY>/fake_filesystem/FAKE_SD_CARD,
      songIDs: [
        4,
      ],
    },
    {
      id: 4,
      newName: 008 SCDT,
      oldName: KIT008,
      path: KITS,
      presetName: KIT008,
      presetType: KIT,
      prettyName: 008 Kit,
      rewriteName: ,
      rootPath: <PROJECT_DIRECTORY>/fake_filesystem/FAKE_SD_CARD,
      songIDs: [
        0,
      ],
    },
    {
      id: 5,
      newName: KIT171 3,
      oldName: KIT171B,
      path: KITS,
      presetName: KIT171B,
      presetType: KIT,
      prettyName: 171 Kit 3,
      rewriteName: ,
      rootPath: <PROJECT_DIRECTORY>/fake_filesystem/FAKE_SD_CARD,
      songIDs: [
        6,
      ],
    },
    {
      id: 6,
      newName: KIT172,
      oldName: KIT172,
      path: KITS,
      presetName: KIT172,
      presetType: KIT,
      prettyName: 172 Kit,
      rewriteName: ,
      rootPath: <PROJECT_DIRECTORY>/fake_filesystem/FAKE_SD_CARD,
      songIDs: [
        2,
        5,
      ],
    },
    {
      id: 7,
      newName: KIT187 2,
      oldName: KIT187A,
      path: KITS,
      presetName: KIT187A,
      presetType: KIT,
      prettyName: 187 Kit 2,
      rewriteName: ,
      rootPath: <PROJECT_DIRECTORY>/fake_filesystem/FAKE_SD_CARD,
      songIDs: [
        4,
      ],
    },
    {
      id: 8,
      newName: KIT188 3,
      oldName: KIT188B,
      path: KITS,
      presetName: KIT188B,
      presetType: KIT,
      prettyName: 188 Kit 3,
      rewriteName: ,
      rootPath: <PROJECT_DIRECTORY>/fake_filesystem/FAKE_SD_CARD,
      songIDs: [
        0,
      ],
    },
    {
      id: 9,
      newName: KIT272 3,
      oldName: KIT272B,
      path: KITS,
      presetName: KIT272B,
      presetType: KIT,
      prettyName: 272 Kit 3,
      rewriteName: ,
      rootPath: <PROJECT_DIRECTORY>/fake_filesystem/FAKE_SD_CARD,
      songIDs: [
        2,
        5,
      ],
    },
    {
      id: 10,
      newName: new kit,
      oldName: new kit,
      path: KITS,
      presetName: new kit,
      presetType: KIT,
      prettyName: ,
      rewriteName: ,
      rootPath: <PROJECT_DIRECTORY>/fake_filesystem/FAKE_SD_CARD,
      songIDs: [
        1,
      ],
    },
    {
      id: 11,
      newName: new kit 2,
      oldName: new kit 2,
      path: KITS,
      presetName: new kit 2,
      presetType: KIT,
      prettyName: ,
      rewriteName: ,
      rootPath: <PROJECT_DIRECTORY>/fake_filesystem/FAKE_SD_CARD,
      songIDs: [
        1,
      ],
    },
    {
      id: 12,
      newName: 000 TR-808,
      oldName: KIT000,
      path: KITS/sub folder,
      presetName: KIT000,
      presetType: KIT,
      prettyName: 000 Kit,
      rewriteName: ,
      rootPath: <PROJECT_DIRECTORY>/fake_filesystem/FAKE_SD_CARD,
      songIDs: [
        3,
      ],
    },
    {
      id: 13,
      newName: KIT182,
      oldName: KIT182,
      path: KITS/sub folder,
      presetName: KIT182,
      presetType: KIT,
      prettyName: 182 Kit,
      rewriteName: ,
      rootPath: <PROJECT_DIRECTORY>/fake_filesystem/FAKE_SD_CARD,
      songIDs: [
        3,
      ],
    },
    {
      id: 14,
      newName: KIT282 3,
      oldName: KIT282B,
      path: KITS/sub folder,
      presetName: KIT282B,
      presetType: KIT,
      prettyName: 282 Kit 3,
      rewriteName: ,
      rootPath: <PROJECT_DIRECTORY>/fake_filesystem/FAKE_SD_CARD,
      songIDs: [
        3,
      ],
    },
  ],
  songs: [
    {
      clipsLength: 12,
      firmwareVersion: [
        4,
        0,
        0,
      ],
      id: 0,
      instruments: [
        {
          formatType: nameonly,
          isNewSound: false,
          patchName: KIT008,
          patchSuffix: ,
          patchSuffixOld: ,
          presetFolder: null,
          presetName: KIT008,
          presetSlot: null,
          presetSubSlot: null,
          prettyName: 008 Kit,
          rewriteFolder: KITS,
          rewriteName: KIT008,
          soundID: 4,
          type: kit,
          usedInClips: [
            0,
            1,
          ],
        },
        {
          formatType: nameonly,
          isNewSound: false,
          patchName: SYNT008,
          patchSuffix: ,
          patchSuffixOld: ,
          presetFolder: null,
          presetName: SYNT008,
          presetSlot: null,
          presetSubSlot: null,
          prettyName: 008 Synth,
          rewriteFolder: SYNTHS,
          rewriteName: SYNT008,
          soundID: 6,
          type: sound,
          usedInClips: [
            2,
            3,
          ],
        },
        {
          formatType: nameonly,
          isNewSound: false,
          patchName: KIT188,
          patchSuffix:  3,
          patchSuffixOld: B,
          presetFolder: null,
          presetName: KIT188B,
          presetSlot: null,
          presetSubSlot: null,
          prettyName: 188 Kit 3,
          rewriteFolder: KITS,
          rewriteName: KIT188B,
          soundID: 8,
          type: kit,
          usedInClips: [
            4,
            5,
          ],
        },
        {
          formatType: nameonly,
          isNewSound: false,
          patchName: SYNT188,
          patchSuffix:  3,
          patchSuffixOld: B,
          presetFolder: null,
          presetName: SYNT188B,
          presetSlot: null,
          presetSubSlot: null,
          prettyName: 188 Synth 3,
          rewriteFolder: SYNTHS,
          rewriteName: SYNT188B,
          soundID: 10,
          type: sound,
          usedInClips: [
            6,
            7,
          ],
        },
        {
          formatType: nameonly,
          isNewSound: false,
          patchName: KIT000,
          patchSuffix:  'copy',
          patchSuffixOld:  'copy',
          presetFolder: null,
          presetName: KIT000 'copy',
          presetSlot: null,
          presetSubSlot: null,
          prettyName: 000 Kit 'copy',
          rewriteFolder: KITS,
          rewriteName: KIT000 'copy',
          soundID: 1,
          type: kit,
          usedInClips: [
            8,
            9,
          ],
        },
        {
          formatType: nameonly,
          isNewSound: false,
          patchName: SYNT000,
          patchSuffix:  'copy',
          patchSuffixOld:  'copy',
          presetFolder: null,
          presetName: SYNT000 'copy',
          presetSlot: null,
          presetSubSlot: null,
          prettyName: 000 Synth 'copy',
          rewriteFolder: SYNTHS,
          rewriteName: SYNT000 'copy',
          soundID: 3,
          type: sound,
          usedInClips: [
            10,
            11,
          ],
        },
      ],
      name: nameonly,
      path: SONGS,
      shouldUpdate: true,
    },
    {
      clipsLength: 8,
      firmwareVersion: [
        4,
        0,
        0,
      ],
      id: 1,
      instruments: [
        {
          formatType: nameonly,
          isNewSound: false,
          patchName: new kit,
          patchSuffix: ,
          patchSuffixOld: ,
          presetFolder: null,
          presetName: new kit,
          presetSlot: null,
          presetSubSlot: null,
          prettyName: false,
          rewriteFolder: KITS,
          rewriteName: new kit,
          soundID: 10,
          type: kit,
          usedInClips: [
            0,
            1,
          ],
        },
        {
          formatType: nameonly,
          isNewSound: false,
          patchName: new synth,
          patchSuffix: ,
          patchSuffixOld: ,
          presetFolder: null,
          presetName: new synth,
          presetSlot: null,
          presetSubSlot: null,
          prettyName: false,
          rewriteFolder: SYNTHS,
          rewriteName: new synth,
          soundID: 0,
          type: sound,
          usedInClips: [
            2,
            3,
          ],
        },
        {
          formatType: nameonly,
          isNewSound: false,
          patchName: new kit,
          patchSuffix:  2,
          patchSuffixOld:  2,
          presetFolder: null,
          presetName: new kit 2,
          presetSlot: null,
          presetSubSlot: null,
          prettyName: false 2,
          rewriteFolder: KITS,
          rewriteName: new kit 2,
          soundID: 11,
          type: kit,
          usedInClips: [
            4,
            5,
          ],
        },
        {
          formatType: nameonly,
          isNewSound: false,
          patchName: new synth,
          patchSuffix:  2,
          patchSuffixOld:  2,
          presetFolder: null,
          presetName: new synth 2,
          presetSlot: null,
          presetSubSlot: null,
          prettyName: false 2,
          rewriteFolder: SYNTHS,
          rewriteName: new synth 2,
          soundID: 1,
          type: sound,
          usedInClips: [
            6,
            7,
          ],
        },
      ],
      name: nameonly_newnames,
      path: SONGS,
      shouldUpdate: true,
    },
    {
      clipsLength: 16,
      firmwareVersion: [
        4,
        0,
        0,
      ],
      id: 2,
      instruments: [
        {
          formatType: new,
          isNewSound: false,
          patchName: KIT001,
          patchSuffix: ,
          patchSuffixOld: ,
          presetFolder: KITS,
          presetName: KIT001,
          presetSlot: null,
          presetSubSlot: null,
          prettyName: 001 Kit,
          rewriteFolder: KITS,
          rewriteName: KIT001,
          soundID: 2,
          type: kit,
          usedInClips: [
            0,
            1,
          ],
        },
        {
          formatType: new,
          isNewSound: false,
          patchName: SYNT001,
          patchSuffix: ,
          patchSuffixOld: ,
          presetFolder: SYNTHS,
          presetName: SYNT001,
          presetSlot: null,
          presetSubSlot: null,
          prettyName: 001 Synth,
          rewriteFolder: SYNTHS,
          rewriteName: SYNT001,
          soundID: 4,
          type: sound,
          usedInClips: [
            2,
            3,
          ],
        },
        {
          formatType: new,
          isNewSound: false,
          patchName: KIT172,
          patchSuffix: ,
          patchSuffixOld: ,
          presetFolder: KITS,
          presetName: KIT172,
          presetSlot: null,
          presetSubSlot: null,
          prettyName: 172 Kit,
          rewriteFolder: KITS,
          rewriteName: KIT172,
          soundID: 6,
          type: kit,
          usedInClips: [
            4,
            5,
          ],
        },
        {
          formatType: new,
          isNewSound: false,
          patchName: SYNT172,
          patchSuffix: ,
          patchSuffixOld: ,
          presetFolder: SYNTHS,
          presetName: SYNT172,
          presetSlot: null,
          presetSubSlot: null,
          prettyName: 172 Synth,
          rewriteFolder: SYNTHS,
          rewriteName: SYNT172,
          soundID: 8,
          type: sound,
          usedInClips: [
            6,
            7,
          ],
        },
        {
          formatType: new,
          isNewSound: true,
          patchName: KIT173,
          patchSuffix: ,
          patchSuffixOld: ,
          presetFolder: KITS,
          presetName: KIT173,
          presetSlot: null,
          presetSubSlot: null,
          prettyName: 173 Kit,
          rewriteFolder: KITS,
          rewriteName: KIT173,
          soundID: new,
          type: kit,
          usedInClips: [
            8,
            9,
          ],
        },
        {
          formatType: new,
          isNewSound: true,
          patchName: SYNT173,
          patchSuffix: ,
          patchSuffixOld: ,
          presetFolder: SYNTHS,
          presetName: SYNT173,
          presetSlot: null,
          presetSubSlot: null,
          prettyName: 173 Synth,
          rewriteFolder: SYNTHS,
          rewriteName: SYNT173,
          soundID: new,
          type: sound,
          usedInClips: [
            10,
            11,
          ],
        },
        {
          formatType: newsuffix,
          isNewSound: false,
          patchName: KIT272,
          patchSuffix:  3,
          patchSuffixOld: B,
          presetFolder: KITS,
          presetName: KIT272B,
          presetSlot: null,
          presetSubSlot: null,
          prettyName: 272 Kit 3,
          rewriteFolder: KITS,
          rewriteName: KIT272B,
          soundID: 9,
          type: kit,
          usedInClips: [
            12,
            13,
          ],
        },
        {
          formatType: newsuffix,
          isNewSound: false,
          patchName: SYNT272,
          patchSuffix:  3,
          patchSuffixOld: B,
          presetFolder: SYNTHS,
          presetName: SYNT272B,
          presetSlot: null,
          presetSubSlot: null,
          prettyName: 272 Synth 3,
          rewriteFolder: SYNTHS,
          rewriteName: SYNT272B,
          soundID: 11,
          type: sound,
          usedInClips: [
            14,
            15,
          ],
        },
      ],
      name: new,
      path: SONGS,
      shouldUpdate: true,
    },
    {
      clipsLength: 16,
      firmwareVersion: [
        4,
        0,
        0,
      ],
      id: 3,
      instruments: [
        {
          formatType: new,
          isNewSound: false,
          patchName: KIT000,
          patchSuffix: ,
          patchSuffixOld: ,
          presetFolder: KITS/sub folder,
          presetName: KIT000,
          presetSlot: null,
          presetSubSlot: null,
          prettyName: 000 Kit,
          rewriteFolder: KITS/sub folder,
          rewriteName: KIT000,
          soundID: 12,
          type: kit,
          usedInClips: [
            0,
            1,
          ],
        },
        {
          formatType: new,
          isNewSound: false,
          patchName: SYNT000,
          patchSuffix: ,
          patchSuffixOld: ,
          presetFolder: SYNTHS/sub folder,
          presetName: SYNT000,
          presetSlot: null,
          presetSubSlot: null,
          prettyName: 000 Synth,
          rewriteFolder: SYNTHS/sub folder,
          rewriteName: SYNT000,
          soundID: 12,
          type: sound,
          usedInClips: [
            2,
            3,
          ],
        },
        {
          formatType: new,
          isNewSound: false,
          patchName: KIT182,
          patchSuffix: ,
          patchSuffixOld: ,
          presetFolder: KITS/sub folder,
          presetName: KIT182,
          presetSlot: null,
          presetSubSlot: null,
          prettyName: 182 Kit,
          rewriteFolder: KITS/sub folder,
          rewriteName: KIT182,
          soundID: 13,
          type: kit,
          usedInClips: [
            4,
            5,
          ],
        },
        {
          formatType: new,
          isNewSound: false,
          patchName: SYNT182,
          patchSuffix: ,
          patchSuffixOld: ,
          presetFolder: SYNTHS/sub folder,
          presetName: SYNT182,
          presetSlot: null,
          presetSubSlot: null,
          prettyName: 182 Synth,
          rewriteFolder: SYNTHS/sub folder,
          rewriteName: SYNT182,
          soundID: 13,
          type: sound,
          usedInClips: [
            6,
            7,
          ],
        },
        {
          formatType: new,
          isNewSound: true,
          patchName: KIT183,
          patchSuffix: ,
          patchSuffixOld: ,
          presetFolder: KITS/sub folder,
          presetName: KIT183,
          presetSlot: null,
          presetSubSlot: null,
          prettyName: 183 Kit,
          rewriteFolder: KITS/sub folder,
          rewriteName: KIT183,
          soundID: new,
          type: kit,
          usedInClips: [
            8,
            9,
          ],
        },
        {
          formatType: new,
          isNewSound: true,
          patchName: SYNT183,
          patchSuffix: ,
          patchSuffixOld: ,
          presetFolder: SYNTHS/sub folder,
          presetName: SYNT183,
          presetSlot: null,
          presetSubSlot: null,
          prettyName: 183 Synth,
          rewriteFolder: SYNTHS/sub folder,
          rewriteName: SYNT183,
          soundID: new,
          type: sound,
          usedInClips: [
            10,
            11,
          ],
        },
        {
          formatType: newsuffix,
          isNewSound: false,
          patchName: KIT282,
          patchSuffix:  3,
          patchSuffixOld: B,
          presetFolder: KITS/sub folder,
          presetName: KIT282B,
          presetSlot: null,
          presetSubSlot: null,
          prettyName: 282 Kit 3,
          rewriteFolder: KITS/sub folder,
          rewriteName: KIT282B,
          soundID: 14,
          type: kit,
          usedInClips: [
            12,
            13,
          ],
        },
        {
          formatType: newsuffix,
          isNewSound: false,
          patchName: SYNT282,
          patchSuffix:  3,
          patchSuffixOld: B,
          presetFolder: SYNTHS/sub folder,
          presetName: SYNT282B,
          presetSlot: null,
          presetSubSlot: null,
          prettyName: 282 Synth 3,
          rewriteFolder: SYNTHS/sub folder,
          rewriteName: SYNT282B,
          soundID: 14,
          type: sound,
          usedInClips: [
            14,
            15,
          ],
        },
      ],
      name: new_directories,
      path: SONGS,
      shouldUpdate: true,
    },
    {
      clipsLength: 20,
      firmwareVersion: [
        4,
        0,
        0,
      ],
      id: 4,
      instruments: [
        {
          formatType: newsuffix,
          isNewSound: false,
          patchName: KIT001,
          patchSuffix:  2,
          patchSuffixOld:  2,
          presetFolder: KITS,
          presetName: KIT001 2,
          presetSlot: null,
          presetSubSlot: null,
          prettyName: 001 Kit 2,
          rewriteFolder: KITS,
          rewriteName: KIT001 2,
          soundID: 3,
          type: kit,
          usedInClips: [
            0,
            1,
          ],
        },
        {
          formatType: newsuffix,
          isNewSound: false,
          patchName: SYNT001,
          patchSuffix:  2,
          patchSuffixOld:  2,
          presetFolder: SYNTHS,
          presetName: SYNT001 2,
          presetSlot: null,
          presetSubSlot: null,
          prettyName: 001 Synth 2,
          rewriteFolder: SYNTHS,
          rewriteName: SYNT001 2,
          soundID: 5,
          type: sound,
          usedInClips: [
            2,
            3,
          ],
        },
        {
          formatType: newsuffix,
          isNewSound: true,
          patchName: KIT181,
          patchSuffix:  10,
          patchSuffixOld:  10,
          presetFolder: KITS,
          presetName: KIT181 10,
          presetSlot: null,
          presetSubSlot: null,
          prettyName: 181 Kit 10,
          rewriteFolder: KITS,
          rewriteName: KIT181 10,
          soundID: new,
          type: kit,
          usedInClips: [
            4,
            5,
          ],
        },
        {
          formatType: newsuffix,
          isNewSound: true,
          patchName: SYNT181,
          patchSuffix:  10,
          patchSuffixOld:  10,
          presetFolder: SYNTHS,
          presetName: SYNT181 10,
          presetSlot: null,
          presetSubSlot: null,
          prettyName: 181 Synth 10,
          rewriteFolder: SYNTHS,
          rewriteName: SYNT181 10,
          soundID: new,
          type: sound,
          usedInClips: [
            6,
            7,
          ],
        },
        {
          formatType: newsuffix,
          isNewSound: false,
          patchName: KIT187,
          patchSuffix:  2,
          patchSuffixOld: A,
          presetFolder: KITS,
          presetName: KIT187A,
          presetSlot: null,
          presetSubSlot: null,
          prettyName: 187 Kit 2,
          rewriteFolder: KITS,
          rewriteName: KIT187A,
          soundID: 7,
          type: kit,
          usedInClips: [
            8,
            9,
          ],
        },
        {
          formatType: newsuffix,
          isNewSound: false,
          patchName: SYNT187,
          patchSuffix:  2,
          patchSuffixOld: A,
          presetFolder: SYNTHS,
          presetName: SYNT187A,
          presetSlot: null,
          presetSubSlot: null,
          prettyName: 187 Synth 2,
          rewriteFolder: SYNTHS,
          rewriteName: SYNT187A,
          soundID: 9,
          type: sound,
          usedInClips: [
            10,
            11,
          ],
        },
        {
          formatType: newsuffix,
          isNewSound: true,
          patchName: KIT197,
          patchSuffix:  3,
          patchSuffixOld: B,
          presetFolder: KITS,
          presetName: KIT197B,
          presetSlot: null,
          presetSubSlot: null,
          prettyName: 197 Kit 3,
          rewriteFolder: KITS,
          rewriteName: KIT197B,
          soundID: new,
          type: kit,
          usedInClips: [
            12,
            13,
          ],
        },
        {
          formatType: newsuffix,
          isNewSound: true,
          patchName: SYNT197,
          patchSuffix:  3,
          patchSuffixOld: B,
          presetFolder: SYNTHS,
          presetName: SYNT197B,
          presetSlot: null,
          presetSubSlot: null,
          prettyName: 197 Synth 3,
          rewriteFolder: SYNTHS,
          rewriteName: SYNT197B,
          soundID: new,
          type: sound,
          usedInClips: [
            14,
            15,
          ],
        },
        {
          formatType: new,
          isNewSound: false,
          patchName: KIT000,
          patchSuffix:  'copy',
          patchSuffixOld:  'copy',
          presetFolder: KITS,
          presetName: KIT000 'copy',
          presetSlot: null,
          presetSubSlot: null,
          prettyName: 000 Kit 'copy',
          rewriteFolder: KITS,
          rewriteName: KIT000 'copy',
          soundID: 1,
          type: kit,
          usedInClips: [
            16,
            17,
          ],
        },
        {
          formatType: new,
          isNewSound: false,
          patchName: SYNT000,
          patchSuffix:  'copy',
          patchSuffixOld:  'copy',
          presetFolder: SYNTHS,
          presetName: SYNT000 'copy',
          presetSlot: null,
          presetSubSlot: null,
          prettyName: 000 Synth 'copy',
          rewriteFolder: SYNTHS,
          rewriteName: SYNT000 'copy',
          soundID: 3,
          type: sound,
          usedInClips: [
            18,
            19,
          ],
        },
      ],
      name: newsuffix,
      path: SONGS,
      shouldUpdate: true,
    },
    {
      clipsLength: 16,
      firmwareVersion: [
        4,
        0,
        0,
      ],
      id: 5,
      instruments: [
        {
          formatType: numsonly,
          isNewSound: false,
          patchName: KIT001,
          patchSuffix: ,
          patchSuffixOld: ,
          presetFolder: KITS,
          presetName: 001,
          presetSlot: null,
          presetSubSlot: null,
          prettyName: 001 Kit,
          rewriteFolder: KITS,
          rewriteName: KIT001,
          soundID: 2,
          type: kit,
          usedInClips: [
            0,
            1,
          ],
        },
        {
          formatType: numsonly,
          isNewSound: false,
          patchName: SYNT001,
          patchSuffix: ,
          patchSuffixOld: ,
          presetFolder: SYNTHS,
          presetName: 001,
          presetSlot: null,
          presetSubSlot: null,
          prettyName: 001 Synth,
          rewriteFolder: SYNTHS,
          rewriteName: SYNT001,
          soundID: 4,
          type: sound,
          usedInClips: [
            2,
            3,
          ],
        },
        {
          formatType: numsonly,
          isNewSound: false,
          patchName: KIT172,
          patchSuffix: ,
          patchSuffixOld: ,
          presetFolder: KITS,
          presetName: 172,
          presetSlot: null,
          presetSubSlot: null,
          prettyName: 172 Kit,
          rewriteFolder: KITS,
          rewriteName: KIT172,
          soundID: 6,
          type: kit,
          usedInClips: [
            4,
            5,
          ],
        },
        {
          formatType: numsonly,
          isNewSound: false,
          patchName: SYNT172,
          patchSuffix: ,
          patchSuffixOld: ,
          presetFolder: SYNTHS,
          presetName: 172,
          presetSlot: null,
          presetSubSlot: null,
          prettyName: 172 Synth,
          rewriteFolder: SYNTHS,
          rewriteName: SYNT172,
          soundID: 8,
          type: sound,
          usedInClips: [
            6,
            7,
          ],
        },
        {
          formatType: numsonly,
          isNewSound: true,
          patchName: KIT173,
          patchSuffix: ,
          patchSuffixOld: ,
          presetFolder: KITS,
          presetName: 173,
          presetSlot: null,
          presetSubSlot: null,
          prettyName: 173 Kit,
          rewriteFolder: KITS,
          rewriteName: KIT173,
          soundID: new,
          type: kit,
          usedInClips: [
            8,
            9,
          ],
        },
        {
          formatType: numsonly,
          isNewSound: true,
          patchName: SYNT173,
          patchSuffix: ,
          patchSuffixOld: ,
          presetFolder: SYNTHS,
          presetName: 173,
          presetSlot: null,
          presetSubSlot: null,
          prettyName: 173 Synth,
          rewriteFolder: SYNTHS,
          rewriteName: SYNT173,
          soundID: new,
          type: sound,
          usedInClips: [
            10,
            11,
          ],
        },
        {
          formatType: numsonly,
          isNewSound: false,
          patchName: KIT272,
          patchSuffix:  3,
          patchSuffixOld: B,
          presetFolder: KITS,
          presetName: 272B,
          presetSlot: null,
          presetSubSlot: null,
          prettyName: 272 Kit 3,
          rewriteFolder: KITS,
          rewriteName: KIT272B,
          soundID: 9,
          type: kit,
          usedInClips: [
            12,
            13,
          ],
        },
        {
          formatType: numsonly,
          isNewSound: false,
          patchName: SYNT272,
          patchSuffix:  3,
          patchSuffixOld: B,
          presetFolder: SYNTHS,
          presetName: 272B,
          presetSlot: null,
          presetSubSlot: null,
          prettyName: 272 Synth 3,
          rewriteFolder: SYNTHS,
          rewriteName: SYNT272B,
          soundID: 11,
          type: sound,
          usedInClips: [
            14,
            15,
          ],
        },
      ],
      name: numsonly,
      path: SONGS,
      shouldUpdate: true,
    },
    {
      clipsLength: 12,
      firmwareVersion: [
        4,
        0,
        0,
      ],
      id: 6,
      instruments: [
        {
          formatType: old,
          isNewSound: false,
          patchName: KIT000,
          patchSuffix: ,
          patchSuffixOld: ,
          presetFolder: null,
          presetName: null,
          presetSlot: 0,
          presetSubSlot: -1,
          prettyName: 000 Kit,
          rewriteFolder: KITS,
          rewriteName: KIT000,
          soundID: 0,
          type: kit,
          usedInClips: [
            0,
            1,
          ],
        },
        {
          formatType: old,
          isNewSound: false,
          patchName: SYNT000,
          patchSuffix: ,
          patchSuffixOld: ,
          presetFolder: null,
          presetName: null,
          presetSlot: 0,
          presetSubSlot: -1,
          prettyName: 000 Synth,
          rewriteFolder: SYNTHS,
          rewriteName: SYNT000,
          soundID: 2,
          type: sound,
          usedInClips: [
            2,
            3,
          ],
        },
        {
          formatType: old,
          isNewSound: false,
          patchName: KIT171,
          patchSuffix:  3,
          patchSuffixOld: B,
          presetFolder: null,
          presetName: null,
          presetSlot: 171,
          presetSubSlot: 1,
          prettyName: 171 Kit 3,
          rewriteFolder: KITS,
          rewriteName: KIT171B,
          soundID: 5,
          type: kit,
          usedInClips: [
            4,
            5,
          ],
        },
        {
          formatType: old,
          isNewSound: false,
          patchName: SYNT171,
          patchSuffix:  3,
          patchSuffixOld: B,
          presetFolder: null,
          presetName: null,
          presetSlot: 171,
          presetSubSlot: 1,
          prettyName: 171 Synth 3,
          rewriteFolder: SYNTHS,
          rewriteName: SYNT171B,
          soundID: 7,
          type: sound,
          usedInClips: [
            6,
            7,
          ],
        },
        {
          formatType: old,
          isNewSound: true,
          patchName: KIT271,
          patchSuffix: ,
          patchSuffixOld: ,
          presetFolder: null,
          presetName: null,
          presetSlot: 271,
          presetSubSlot: -1,
          prettyName: 271 Kit,
          rewriteFolder: KITS,
          rewriteName: KIT271,
          soundID: new,
          type: kit,
          usedInClips: [
            8,
            9,
          ],
        },
        {
          formatType: old,
          isNewSound: true,
          patchName: SYNT271,
          patchSuffix: ,
          patchSuffixOld: ,
          presetFolder: null,
          presetName: null,
          presetSlot: 271,
          presetSubSlot: -1,
          prettyName: 271 Synth,
          rewriteFolder: SYNTHS,
          rewriteName: SYNT271,
          soundID: new,
          type: sound,
          usedInClips: [
            10,
            11,
          ],
        },
      ],
      name: old,
      path: SONGS,
      shouldUpdate: true,
    },
  ],
  synths: [
    {
      id: 0,
      newName: new synth,
      oldName: new synth,
      path: SYNTHS,
      presetName: new synth,
      presetType: SYNT,
      prettyName: ,
      rewriteName: ,
      rootPath: <PROJECT_DIRECTORY>/fake_filesystem/FAKE_SD_CARD,
      songIDs: [
        1,
      ],
    },
    {
      id: 1,
      newName: new synth 2,
      oldName: new synth 2,
      path: SYNTHS,
      presetName: new synth 2,
      presetType: SYNT,
      prettyName: ,
      rewriteName: ,
      rootPath: <PROJECT_DIRECTORY>/fake_filesystem/FAKE_SD_CARD,
      songIDs: [
        1,
      ],
    },
    {
      id: 2,
      newName: 000 Rich Saw Bass,
      oldName: SYNT000,
      path: SYNTHS,
      presetName: SYNT000,
      presetType: SYNT,
      prettyName: 000 Synth,
      rewriteName: ,
      rootPath: <PROJECT_DIRECTORY>/fake_filesystem/FAKE_SD_CARD,
      songIDs: [
        6,
      ],
    },
    {
      id: 3,
      newName: 000 Rich Saw Bass 'copy',
      oldName: SYNT000 'copy',
      path: SYNTHS,
      presetName: SYNT000 'copy',
      presetType: SYNT,
      prettyName: 000 Synth 'copy',
      rewriteName: ,
      rootPath: <PROJECT_DIRECTORY>/fake_filesystem/FAKE_SD_CARD,
      songIDs: [
        0,
        4,
      ],
    },
    {
      id: 4,
      newName: 001 Sync Bass,
      oldName: SYNT001,
      path: SYNTHS,
      presetName: SYNT001,
      presetType: SYNT,
      prettyName: 001 Synth,
      rewriteName: ,
      rootPath: <PROJECT_DIRECTORY>/fake_filesystem/FAKE_SD_CARD,
      songIDs: [
        2,
        5,
      ],
    },
    {
      id: 5,
      newName: 001 Sync Bass 2,
      oldName: SYNT001 2,
      path: SYNTHS,
      presetName: SYNT001 2,
      presetType: SYNT,
      prettyName: 001 Synth 2,
      rewriteName: ,
      rootPath: <PROJECT_DIRECTORY>/fake_filesystem/FAKE_SD_CARD,
      songIDs: [
        4,
      ],
    },
    {
      id: 6,
      newName: 008 FM Rich Distorted Bass,
      oldName: SYNT008,
      path: SYNTHS,
      presetName: SYNT008,
      presetType: SYNT,
      prettyName: 008 Synth,
      rewriteName: ,
      rootPath: <PROJECT_DIRECTORY>/fake_filesystem/FAKE_SD_CARD,
      songIDs: [
        0,
      ],
    },
    {
      id: 7,
      newName: SYNT171 3,
      oldName: SYNT171B,
      path: SYNTHS,
      presetName: SYNT171B,
      presetType: SYNT,
      prettyName: 171 Synth 3,
      rewriteName: ,
      rootPath: <PROJECT_DIRECTORY>/fake_filesystem/FAKE_SD_CARD,
      songIDs: [
        6,
      ],
    },
    {
      id: 8,
      newName: SYNT172,
      oldName: SYNT172,
      path: SYNTHS,
      presetName: SYNT172,
      presetType: SYNT,
      prettyName: 172 Synth,
      rewriteName: ,
      rootPath: <PROJECT_DIRECTORY>/fake_filesystem/FAKE_SD_CARD,
      songIDs: [
        2,
        5,
      ],
    },
    {
      id: 9,
      newName: SYNT187 2,
      oldName: SYNT187A,
      path: SYNTHS,
      presetName: SYNT187A,
      presetType: SYNT,
      prettyName: 187 Synth 2,
      rewriteName: ,
      rootPath: <PROJECT_DIRECTORY>/fake_filesystem/FAKE_SD_CARD,
      songIDs: [
        4,
      ],
    },
    {
      id: 10,
      newName: SYNT188 3,
      oldName: SYNT188B,
      path: SYNTHS,
      presetName: SYNT188B,
      presetType: SYNT,
      prettyName: 188 Synth 3,
      rewriteName: ,
      rootPath: <PROJECT_DIRECTORY>/fake_filesystem/FAKE_SD_CARD,
      songIDs: [
        0,
      ],
    },
    {
      id: 11,
      newName: SYNT272 3,
      oldName: SYNT272B,
      path: SYNTHS,
      presetName: SYNT272B,
      presetType: SYNT,
      prettyName: 272 Synth 3,
      rewriteName: ,
      rootPath: <PROJECT_DIRECTORY>/fake_filesystem/FAKE_SD_CARD,
      songIDs: [
        2,
        5,
      ],
    },
    {
      id: 12,
      newName: 000 Rich Saw Bass,
      oldName: SYNT000,
      path: SYNTHS/sub folder,
      presetName: SYNT000,
      presetType: SYNT,
      prettyName: 000 Synth,
      rewriteName: ,
      rootPath: <PROJECT_DIRECTORY>/fake_filesystem/FAKE_SD_CARD,
      songIDs: [
        3,
      ],
    },
    {
      id: 13,
      newName: SYNT182,
      oldName: SYNT182,
      path: SYNTHS/sub folder,
      presetName: SYNT182,
      presetType: SYNT,
      prettyName: 182 Synth,
      rewriteName: ,
      rootPath: <PROJECT_DIRECTORY>/fake_filesystem/FAKE_SD_CARD,
      songIDs: [
        3,
      ],
    },
    {
      id: 14,
      newName: SYNT282 3,
      oldName: SYNT282B,
      path: SYNTHS/sub folder,
      presetName: SYNT282B,
      presetType: SYNT,
      prettyName: 282 Synth 3,
      rewriteName: ,
      rootPath: <PROJECT_DIRECTORY>/fake_filesystem/FAKE_SD_CARD,
      songIDs: [
        3,
      ],
    },
  ],
}
`;

exports[`check song api mappings 2`] = `
{
  byName: {
    kits: {
      KIT000: {
        KITS: 0,
        KITS/sub folder: 12,
      },
      KIT000 'copy': {
        KITS: 1,
      },
      KIT001: {
        KITS: 2,
      },
      KIT001 2: {
        KITS: 3,
      },
      KIT008: {
        KITS: 4,
      },
      KIT171B: {
        KITS: 5,
      },
      KIT172: {
        KITS: 6,
      },
      KIT182: {
        KITS/sub folder: 13,
      },
      KIT187A: {
        KITS: 7,
      },
      KIT188B: {
        KITS: 8,
      },
      KIT272B: {
        KITS: 9,
      },
      KIT282B: {
        KITS/sub folder: 14,
      },
      new kit: {
        KITS: 10,
      },
      new kit 2: {
        KITS: 11,
      },
    },
    synths: {
      SYNT000: {
        SYNTHS: 2,
        SYNTHS/sub folder: 12,
      },
      SYNT000 'copy': {
        SYNTHS: 3,
      },
      SYNT001: {
        SYNTHS: 4,
      },
      SYNT001 2: {
        SYNTHS: 5,
      },
      SYNT008: {
        SYNTHS: 6,
      },
      SYNT171B: {
        SYNTHS: 7,
      },
      SYNT172: {
        SYNTHS: 8,
      },
      SYNT182: {
        SYNTHS/sub folder: 13,
      },
      SYNT187A: {
        SYNTHS: 9,
      },
      SYNT188B: {
        SYNTHS: 10,
      },
      SYNT272B: {
        SYNTHS: 11,
      },
      SYNT282B: {
        SYNTHS/sub folder: 14,
      },
      new synth: {
        SYNTHS: 0,
      },
      new synth 2: {
        SYNTHS: 1,
      },
    },
  },
}
`;
